-53.0508	d d d d d d d d d d h h h h h h h h h h h d d d d d d d d d d d d 

