-253.573	i i i i i i i i o o o o o i i i o o o o o i i i i i i i i i i i i i i i i i i i i i i i o o o o o o o o o o i i i o o o 

